SQL> CREATE OR REPLACE PROCEDURE SafeTransferFunds(
  2      p_fromAccountID IN NUMBER,
  3      p_toAccountID IN NUMBER,
  4      p_amount IN NUMBER
  5  ) AS
  6      v_balance NUMBER;
  7  BEGIN
  8      -- Check if the source account has sufficient funds
  9      SELECT Balance INTO v_balance
 10      FROM Accounts
 11      WHERE AccountID = p_fromAccountID;
 12  
 13      IF v_balance < p_amount THEN
 14          RAISE_APPLICATION_ERROR(-20001, 'Insufficient funds in the source account.');
 15      END IF;
 16  
 17      -- Perform the fund transfer
 18      UPDATE Accounts
 19      SET Balance = Balance - p_amount
 20      WHERE AccountID = p_fromAccountID;
 21  
 22      UPDATE Accounts
 23      SET Balance = Balance + p_amount
 24      WHERE AccountID = p_toAccountID;
 25  
 26      COMMIT;
 27  
 28  EXCEPTION
 29      WHEN NO_DATA_FOUND THEN
 30          DBMS_OUTPUT.PUT_LINE('One or both of the account IDs do not exist.');
 31          ROLLBACK;
 32      WHEN OTHERS THEN
 33          DBMS_OUTPUT.PUT_LINE('An error occurred: ' || SQLERRM);
 34          ROLLBACK;
 35  END;
 36  /

Procedure created.

SQL> spool off
